<root>
	<contrast>-1576157923</contrast>
	<diameter>-929062100.2116718</diameter>
	<rest>965902312</rest>
	<variety>its</variety>
	<opportunity>1867089786</opportunity>
	<stems>1286166467.3954816</stems>
</root>
